src/app.ts(13,18): error TS7016: Could not find a declaration file for module 'cors'. 'E:/CityPulse/backend/node_modules/cors/lib/index.js' implicitly has an 'any' type.
  Try `npm i --save-dev @types/cors` if it exists or add a new declaration (.d.ts) file containing `declare module 'cors';`
